# SmartEvaluation 更新日志

## v1.0.0 (2026-07-28)

### 评价模式

- **智能评价（顶部按钮）**：逐位自动保存/提交全部教师，支持随时停止轮询
- **一键评价（底部按钮）**：单次保存/提交当前教师，完成后自动跳转下一位
- **460px 居中弹窗**：纯文字等级按钮（优秀 / 良好 / 中等 / 及格 / 不及格），交互即时响应

### 评分机制

- **逐级均降算法**：全部题目统一降一级后，再从第一题开始继续降级，直至达到目标总分
- **默认分值映射**：A=5.625 / B=5.0 / C=4.375 / D=3.75 / E=3.125
- **自定义总分滑块**：步进 0.625，伪无极滑动，自动对齐最近有效总分
- 等级按钮在智能模式下显示为预览总分，一键评价模式下即时选择实时总分

### 页面交互

- **自动跳转**：页面加载后自动定位首个未评或已评完教师（500ms 间隔重试）
- **跳转等待**：提交后等待 1.5s 确保 jqGrid 局部刷新完成再跳转
- **按钮恢复**：教师切换后通过 MutationObserver + 轮询自动恢复按钮
- 保存/提交使用 `mouseover → mousedown → mouseup → click` 完整事件序列触发
- 仅自动确认成功提示弹窗，警告和错误保留让用户手动处理
- 无题目时从页面 `.xspjSum` 元素自动推断题目数量

### 循环完成

- 循环结束后弹出总结窗口，列出所有教师及对应分数

### 控制台日志

- 全流程状态追踪，含跳转评分明细输出

### 快捷键

| 按键 | 功能 |
|------|------|
| `Alt+O` | 打开弹窗 |
| `Alt+A~E` | 选择等级（A=优秀 ~ E=不及格） |
| `Esc` | 关闭弹窗 |
| `Enter` | 确定并保存 |
